{
    "cwd": "test/mockFixtures",
    "mockPaths": [
        "test/mocks"
    ]
}
