[
    [
        null,
        "something"
    ],
    [
        {
            "message": "bad stuff happened"
        },
        null
    ]
]
